// Jest Snapshot v1, https://goo.gl/fbAQLP

exports[`Card should match the snapshot with all data passed in correctly 1`] = `
ShallowWrapper {
  Symbol(enzyme.__root__): [Circular],
  Symbol(enzyme.__unrendered__): <Card
    id="val-1"
    location="ASD 20"
    stats={
        Object {
            "2004": 0.12,
            "2005": 0.23,
          }
    }
/>,
  Symbol(enzyme.__renderer__): Object {
    "batchedUpdates": [Function],
    "getNode": [Function],
    "render": [Function],
    "simulateError": [Function],
    "simulateEvent": [Function],
    "unmount": [Function],
  },
  Symbol(enzyme.__node__): Object {
    "instance": null,
    "key": undefined,
    "nodeType": "host",
    "props": Object {
      "children": Array [
        <div
          className="left-triangle"
/>,
        <div
          className="right-triangle"
/>,
        <div
          className="content-container"
>
          <h1
                    className="card-header normal-header"
          >
                    ASD 20
          </h1>
          <table
                    className="stats-table"
          >
                    <tbody>
                              <tr
                                        className="stat-line"
                              >
                                        <td
                                                  className="year"
                                        >
                                                  2004
                                        </td>
                                        <td
                                                  className="value red"
                                        >
                                                  12
                                                  %
                                        </td>
                                        <td
                                                  className="arrow"
                                        >
                                                  <i
                                                            className="fas fa-minus grey"
                                                  />
                                        </td>
                              </tr>
                    </tbody>
                    <tbody>
                              <tr
                                        className="stat-line"
                              >
                                        <td
                                                  className="year"
                                        >
                                                  2005
                                        </td>
                                        <td
                                                  className="value red"
                                        >
                                                  23
                                                  %
                                        </td>
                                        <td
                                                  className="arrow"
                                        >
                                                  <i
                                                            className="fas fa-arrow-up green"
                                                  />
                                        </td>
                              </tr>
                    </tbody>
          </table>
</div>,
      ],
      "className": "district-card",
      "id": "val-1",
    },
    "ref": null,
    "rendered": Array [
      Object {
        "instance": null,
        "key": undefined,
        "nodeType": "host",
        "props": Object {
          "className": "left-triangle",
        },
        "ref": null,
        "rendered": null,
        "type": "div",
      },
      Object {
        "instance": null,
        "key": undefined,
        "nodeType": "host",
        "props": Object {
          "className": "right-triangle",
        },
        "ref": null,
        "rendered": null,
        "type": "div",
      },
      Object {
        "instance": null,
        "key": undefined,
        "nodeType": "host",
        "props": Object {
          "children": Array [
            <h1
              className="card-header normal-header"
>
              ASD 20
</h1>,
            <table
              className="stats-table"
>
              <tbody>
                            <tr
                                          className="stat-line"
                            >
                                          <td
                                                        className="year"
                                          >
                                                        2004
                                          </td>
                                          <td
                                                        className="value red"
                                          >
                                                        12
                                                        %
                                          </td>
                                          <td
                                                        className="arrow"
                                          >
                                                        <i
                                                                      className="fas fa-minus grey"
                                                        />
                                          </td>
                            </tr>
              </tbody>
              <tbody>
                            <tr
                                          className="stat-line"
                            >
                                          <td
                                                        className="year"
                                          >
                                                        2005
                                          </td>
                                          <td
                                                        className="value red"
                                          >
                                                        23
                                                        %
                                          </td>
                                          <td
                                                        className="arrow"
                                          >
                                                        <i
                                                                      className="fas fa-arrow-up green"
                                                        />
                                          </td>
                            </tr>
              </tbody>
</table>,
          ],
          "className": "content-container",
        },
        "ref": null,
        "rendered": Array [
          Object {
            "instance": null,
            "key": undefined,
            "nodeType": "host",
            "props": Object {
              "children": "ASD 20",
              "className": "card-header normal-header",
            },
            "ref": null,
            "rendered": "ASD 20",
            "type": "h1",
          },
          Object {
            "instance": null,
            "key": undefined,
            "nodeType": "host",
            "props": Object {
              "children": Array [
                <tbody>
                  <tr
                                    className="stat-line"
                  >
                                    <td
                                                      className="year"
                                    >
                                                      2004
                                    </td>
                                    <td
                                                      className="value red"
                                    >
                                                      12
                                                      %
                                    </td>
                                    <td
                                                      className="arrow"
                                    >
                                                      <i
                                                                        className="fas fa-minus grey"
                                                      />
                                    </td>
                  </tr>
</tbody>,
                <tbody>
                  <tr
                                    className="stat-line"
                  >
                                    <td
                                                      className="year"
                                    >
                                                      2005
                                    </td>
                                    <td
                                                      className="value red"
                                    >
                                                      23
                                                      %
                                    </td>
                                    <td
                                                      className="arrow"
                                    >
                                                      <i
                                                                        className="fas fa-arrow-up green"
                                                      />
                                    </td>
                  </tr>
</tbody>,
              ],
              "className": "stats-table",
            },
            "ref": null,
            "rendered": Array [
              Object {
                "instance": null,
                "key": "val-2004",
                "nodeType": "host",
                "props": Object {
                  "children": <tr
                    className="stat-line"
>
                    <td
                                        className="year"
                    >
                                        2004
                    </td>
                    <td
                                        className="value red"
                    >
                                        12
                                        %
                    </td>
                    <td
                                        className="arrow"
                    >
                                        <i
                                                            className="fas fa-minus grey"
                                        />
                    </td>
</tr>,
                },
                "ref": null,
                "rendered": Object {
                  "instance": null,
                  "key": undefined,
                  "nodeType": "host",
                  "props": Object {
                    "children": Array [
                      <td
                        className="year"
>
                        2004
</td>,
                      <td
                        className="value red"
>
                        12
                        %
</td>,
                      <td
                        className="arrow"
>
                        <i
                                                className="fas fa-minus grey"
                        />
</td>,
                    ],
                    "className": "stat-line",
                  },
                  "ref": null,
                  "rendered": Array [
                    Object {
                      "instance": null,
                      "key": undefined,
                      "nodeType": "host",
                      "props": Object {
                        "children": "2004",
                        "className": "year",
                      },
                      "ref": null,
                      "rendered": "2004",
                      "type": "td",
                    },
                    Object {
                      "instance": null,
                      "key": undefined,
                      "nodeType": "host",
                      "props": Object {
                        "children": Array [
                          "12",
                          "%",
                        ],
                        "className": "value red",
                      },
                      "ref": null,
                      "rendered": Array [
                        "12",
                        "%",
                      ],
                      "type": "td",
                    },
                    Object {
                      "instance": null,
                      "key": undefined,
                      "nodeType": "host",
                      "props": Object {
                        "children": <i
                          className="fas fa-minus grey"
/>,
                        "className": "arrow",
                      },
                      "ref": null,
                      "rendered": Object {
                        "instance": null,
                        "key": undefined,
                        "nodeType": "host",
                        "props": Object {
                          "className": "fas fa-minus grey",
                        },
                        "ref": null,
                        "rendered": null,
                        "type": "i",
                      },
                      "type": "td",
                    },
                  ],
                  "type": "tr",
                },
                "type": "tbody",
              },
              Object {
                "instance": null,
                "key": "val-2005",
                "nodeType": "host",
                "props": Object {
                  "children": <tr
                    className="stat-line"
>
                    <td
                                        className="year"
                    >
                                        2005
                    </td>
                    <td
                                        className="value red"
                    >
                                        23
                                        %
                    </td>
                    <td
                                        className="arrow"
                    >
                                        <i
                                                            className="fas fa-arrow-up green"
                                        />
                    </td>
</tr>,
                },
                "ref": null,
                "rendered": Object {
                  "instance": null,
                  "key": undefined,
                  "nodeType": "host",
                  "props": Object {
                    "children": Array [
                      <td
                        className="year"
>
                        2005
</td>,
                      <td
                        className="value red"
>
                        23
                        %
</td>,
                      <td
                        className="arrow"
>
                        <i
                                                className="fas fa-arrow-up green"
                        />
</td>,
                    ],
                    "className": "stat-line",
                  },
                  "ref": null,
                  "rendered": Array [
                    Object {
                      "instance": null,
                      "key": undefined,
                      "nodeType": "host",
                      "props": Object {
                        "children": "2005",
                        "className": "year",
                      },
                      "ref": null,
                      "rendered": "2005",
                      "type": "td",
                    },
                    Object {
                      "instance": null,
                      "key": undefined,
                      "nodeType": "host",
                      "props": Object {
                        "children": Array [
                          "23",
                          "%",
                        ],
                        "className": "value red",
                      },
                      "ref": null,
                      "rendered": Array [
                        "23",
                        "%",
                      ],
                      "type": "td",
                    },
                    Object {
                      "instance": null,
                      "key": undefined,
                      "nodeType": "host",
                      "props": Object {
                        "children": <i
                          className="fas fa-arrow-up green"
/>,
                        "className": "arrow",
                      },
                      "ref": null,
                      "rendered": Object {
                        "instance": null,
                        "key": undefined,
                        "nodeType": "host",
                        "props": Object {
                          "className": "fas fa-arrow-up green",
                        },
                        "ref": null,
                        "rendered": null,
                        "type": "i",
                      },
                      "type": "td",
                    },
                  ],
                  "type": "tr",
                },
                "type": "tbody",
              },
            ],
            "type": "table",
          },
        ],
        "type": "div",
      },
    ],
    "type": "article",
  },
  Symbol(enzyme.__nodes__): Array [
    Object {
      "instance": null,
      "key": undefined,
      "nodeType": "host",
      "props": Object {
        "children": Array [
          <div
            className="left-triangle"
/>,
          <div
            className="right-triangle"
/>,
          <div
            className="content-container"
>
            <h1
                        className="card-header normal-header"
            >
                        ASD 20
            </h1>
            <table
                        className="stats-table"
            >
                        <tbody>
                                    <tr
                                                className="stat-line"
                                    >
                                                <td
                                                            className="year"
                                                >
                                                            2004
                                                </td>
                                                <td
                                                            className="value red"
                                                >
                                                            12
                                                            %
                                                </td>
                                                <td
                                                            className="arrow"
                                                >
                                                            <i
                                                                        className="fas fa-minus grey"
                                                            />
                                                </td>
                                    </tr>
                        </tbody>
                        <tbody>
                                    <tr
                                                className="stat-line"
                                    >
                                                <td
                                                            className="year"
                                                >
                                                            2005
                                                </td>
                                                <td
                                                            className="value red"
                                                >
                                                            23
                                                            %
                                                </td>
                                                <td
                                                            className="arrow"
                                                >
                                                            <i
                                                                        className="fas fa-arrow-up green"
                                                            />
                                                </td>
                                    </tr>
                        </tbody>
            </table>
</div>,
        ],
        "className": "district-card",
        "id": "val-1",
      },
      "ref": null,
      "rendered": Array [
        Object {
          "instance": null,
          "key": undefined,
          "nodeType": "host",
          "props": Object {
            "className": "left-triangle",
          },
          "ref": null,
          "rendered": null,
          "type": "div",
        },
        Object {
          "instance": null,
          "key": undefined,
          "nodeType": "host",
          "props": Object {
            "className": "right-triangle",
          },
          "ref": null,
          "rendered": null,
          "type": "div",
        },
        Object {
          "instance": null,
          "key": undefined,
          "nodeType": "host",
          "props": Object {
            "children": Array [
              <h1
                className="card-header normal-header"
>
                ASD 20
</h1>,
              <table
                className="stats-table"
>
                <tbody>
                                <tr
                                                className="stat-line"
                                >
                                                <td
                                                                className="year"
                                                >
                                                                2004
                                                </td>
                                                <td
                                                                className="value red"
                                                >
                                                                12
                                                                %
                                                </td>
                                                <td
                                                                className="arrow"
                                                >
                                                                <i
                                                                                className="fas fa-minus grey"
                                                                />
                                                </td>
                                </tr>
                </tbody>
                <tbody>
                                <tr
                                                className="stat-line"
                                >
                                                <td
                                                                className="year"
                                                >
                                                                2005
                                                </td>
                                                <td
                                                                className="value red"
                                                >
                                                                23
                                                                %
                                                </td>
                                                <td
                                                                className="arrow"
                                                >
                                                                <i
                                                                                className="fas fa-arrow-up green"
                                                                />
                                                </td>
                                </tr>
                </tbody>
</table>,
            ],
            "className": "content-container",
          },
          "ref": null,
          "rendered": Array [
            Object {
              "instance": null,
              "key": undefined,
              "nodeType": "host",
              "props": Object {
                "children": "ASD 20",
                "className": "card-header normal-header",
              },
              "ref": null,
              "rendered": "ASD 20",
              "type": "h1",
            },
            Object {
              "instance": null,
              "key": undefined,
              "nodeType": "host",
              "props": Object {
                "children": Array [
                  <tbody>
                    <tr
                                        className="stat-line"
                    >
                                        <td
                                                            className="year"
                                        >
                                                            2004
                                        </td>
                                        <td
                                                            className="value red"
                                        >
                                                            12
                                                            %
                                        </td>
                                        <td
                                                            className="arrow"
                                        >
                                                            <i
                                                                                className="fas fa-minus grey"
                                                            />
                                        </td>
                    </tr>
</tbody>,
                  <tbody>
                    <tr
                                        className="stat-line"
                    >
                                        <td
                                                            className="year"
                                        >
                                                            2005
                                        </td>
                                        <td
                                                            className="value red"
                                        >
                                                            23
                                                            %
                                        </td>
                                        <td
                                                            className="arrow"
                                        >
                                                            <i
                                                                                className="fas fa-arrow-up green"
                                                            />
                                        </td>
                    </tr>
</tbody>,
                ],
                "className": "stats-table",
              },
              "ref": null,
              "rendered": Array [
                Object {
                  "instance": null,
                  "key": "val-2004",
                  "nodeType": "host",
                  "props": Object {
                    "children": <tr
                      className="stat-line"
>
                      <td
                                            className="year"
                      >
                                            2004
                      </td>
                      <td
                                            className="value red"
                      >
                                            12
                                            %
                      </td>
                      <td
                                            className="arrow"
                      >
                                            <i
                                                                  className="fas fa-minus grey"
                                            />
                      </td>
</tr>,
                  },
                  "ref": null,
                  "rendered": Object {
                    "instance": null,
                    "key": undefined,
                    "nodeType": "host",
                    "props": Object {
                      "children": Array [
                        <td
                          className="year"
>
                          2004
</td>,
                        <td
                          className="value red"
>
                          12
                          %
</td>,
                        <td
                          className="arrow"
>
                          <i
                                                    className="fas fa-minus grey"
                          />
</td>,
                      ],
                      "className": "stat-line",
                    },
                    "ref": null,
                    "rendered": Array [
                      Object {
                        "instance": null,
                        "key": undefined,
                        "nodeType": "host",
                        "props": Object {
                          "children": "2004",
                          "className": "year",
                        },
                        "ref": null,
                        "rendered": "2004",
                        "type": "td",
                      },
                      Object {
                        "instance": null,
                        "key": undefined,
                        "nodeType": "host",
                        "props": Object {
                          "children": Array [
                            "12",
                            "%",
                          ],
                          "className": "value red",
                        },
                        "ref": null,
                        "rendered": Array [
                          "12",
                          "%",
                        ],
                        "type": "td",
                      },
                      Object {
                        "instance": null,
                        "key": undefined,
                        "nodeType": "host",
                        "props": Object {
                          "children": <i
                            className="fas fa-minus grey"
/>,
                          "className": "arrow",
                        },
                        "ref": null,
                        "rendered": Object {
                          "instance": null,
                          "key": undefined,
                          "nodeType": "host",
                          "props": Object {
                            "className": "fas fa-minus grey",
                          },
                          "ref": null,
                          "rendered": null,
                          "type": "i",
                        },
                        "type": "td",
                      },
                    ],
                    "type": "tr",
                  },
                  "type": "tbody",
                },
                Object {
                  "instance": null,
                  "key": "val-2005",
                  "nodeType": "host",
                  "props": Object {
                    "children": <tr
                      className="stat-line"
>
                      <td
                                            className="year"
                      >
                                            2005
                      </td>
                      <td
                                            className="value red"
                      >
                                            23
                                            %
                      </td>
                      <td
                                            className="arrow"
                      >
                                            <i
                                                                  className="fas fa-arrow-up green"
                                            />
                      </td>
</tr>,
                  },
                  "ref": null,
                  "rendered": Object {
                    "instance": null,
                    "key": undefined,
                    "nodeType": "host",
                    "props": Object {
                      "children": Array [
                        <td
                          className="year"
>
                          2005
</td>,
                        <td
                          className="value red"
>
                          23
                          %
</td>,
                        <td
                          className="arrow"
>
                          <i
                                                    className="fas fa-arrow-up green"
                          />
</td>,
                      ],
                      "className": "stat-line",
                    },
                    "ref": null,
                    "rendered": Array [
                      Object {
                        "instance": null,
                        "key": undefined,
                        "nodeType": "host",
                        "props": Object {
                          "children": "2005",
                          "className": "year",
                        },
                        "ref": null,
                        "rendered": "2005",
                        "type": "td",
                      },
                      Object {
                        "instance": null,
                        "key": undefined,
                        "nodeType": "host",
                        "props": Object {
                          "children": Array [
                            "23",
                            "%",
                          ],
                          "className": "value red",
                        },
                        "ref": null,
                        "rendered": Array [
                          "23",
                          "%",
                        ],
                        "type": "td",
                      },
                      Object {
                        "instance": null,
                        "key": undefined,
                        "nodeType": "host",
                        "props": Object {
                          "children": <i
                            className="fas fa-arrow-up green"
/>,
                          "className": "arrow",
                        },
                        "ref": null,
                        "rendered": Object {
                          "instance": null,
                          "key": undefined,
                          "nodeType": "host",
                          "props": Object {
                            "className": "fas fa-arrow-up green",
                          },
                          "ref": null,
                          "rendered": null,
                          "type": "i",
                        },
                        "type": "td",
                      },
                    ],
                    "type": "tr",
                  },
                  "type": "tbody",
                },
              ],
              "type": "table",
            },
          ],
          "type": "div",
        },
      ],
      "type": "article",
    },
  ],
  Symbol(enzyme.__options__): Object {
    "adapter": ReactSixteenAdapter {
      "options": Object {
        "enableComponentDidUpdateOnSetState": true,
        "lifecycles": Object {
          "componentDidUpdate": Object {
            "onSetState": true,
          },
          "getDerivedStateFromProps": true,
          "getSnapshotBeforeUpdate": true,
          "setState": Object {
            "skipsComponentDidUpdateOnNullish": true,
          },
        },
      },
    },
  },
}
`;
